1776291458.974722 client started (4339): version 3.6a, socket /private/tmp/tmux-501/default, protocol 8
1776291458.974797 on Darwin 24.6.0 Darwin Kernel Version 24.6.0: Wed Nov  5 21:30:44 PST 2025; root:xnu-11417.140.69.705.2~1/RELEASE_ARM64_T6041
1776291458.974813 using libevent 2.1.12-stable select
1776291458.975200 using utf8proc 2.11.3
1776291458.975212 using ncurses 6.5 20240427
1776291458.975225 flags are 0x10010000
1776291458.975231 socket is /private/tmp/tmux-501/default
1776291458.975243 trying connect
1776291458.975298 add peer 0x60000108c0d0: 6 (0x0)
1776291458.977039 sending message 111 to peer 0x60000108c0d0 (8 bytes)
1776291458.977049 sending message 111 to peer 0x60000108c0d0 (8 bytes)
1776291458.977053 sending message 101 to peer 0x60000108c0d0 (14 bytes)
1776291458.977058 sending message 109 to peer 0x60000108c0d0 (4 bytes)
1776291458.977062 sending message 102 to peer 0x60000108c0d0 (13 bytes)
1776291458.977066 sending message 108 to peer 0x60000108c0d0 (33 bytes)
1776291458.977069 sending message 112 to peer 0x60000108c0d0 (70 bytes)
1776291458.977073 sending message 112 to peer 0x60000108c0d0 (5 bytes)
1776291458.977077 sending message 112 to peer 0x60000108c0d0 (5 bytes)
1776291458.977081 sending message 112 to peer 0x60000108c0d0 (6 bytes)
1776291458.977085 sending message 112 to peer 0x60000108c0d0 (6 bytes)
1776291458.977088 sending message 112 to peer 0x60000108c0d0 (11 bytes)
1776291458.977092 sending message 112 to peer 0x60000108c0d0 (10 bytes)
1776291458.977096 sending message 112 to peer 0x60000108c0d0 (13 bytes)
1776291458.977100 sending message 112 to peer 0x60000108c0d0 (13 bytes)
1776291458.977103 sending message 112 to peer 0x60000108c0d0 (18 bytes)
1776291458.977107 sending message 112 to peer 0x60000108c0d0 (11 bytes)
1776291458.977111 sending message 112 to peer 0x60000108c0d0 (10 bytes)
1776291458.977115 sending message 112 to peer 0x60000108c0d0 (15 bytes)
1776291458.977119 sending message 112 to peer 0x60000108c0d0 (21 bytes)
1776291458.977123 sending message 112 to peer 0x60000108c0d0 (13 bytes)
1776291458.977128 sending message 112 to peer 0x60000108c0d0 (7 bytes)
1776291458.977134 sending message 112 to peer 0x60000108c0d0 (13 bytes)
1776291458.977138 sending message 112 to peer 0x60000108c0d0 (7 bytes)
1776291458.977144 sending message 112 to peer 0x60000108c0d0 (13 bytes)
1776291458.977148 sending message 112 to peer 0x60000108c0d0 (9 bytes)
1776291458.977152 sending message 112 to peer 0x60000108c0d0 (21 bytes)
1776291458.977157 sending message 112 to peer 0x60000108c0d0 (13 bytes)
1776291458.977164 sending message 112 to peer 0x60000108c0d0 (8 bytes)
1776291458.977170 sending message 112 to peer 0x60000108c0d0 (12 bytes)
1776291458.977175 sending message 112 to peer 0x60000108c0d0 (13 bytes)
1776291458.977179 sending message 112 to peer 0x60000108c0d0 (9 bytes)
1776291458.977182 sending message 112 to peer 0x60000108c0d0 (9 bytes)
1776291458.977186 sending message 112 to peer 0x60000108c0d0 (12 bytes)
1776291458.977190 sending message 112 to peer 0x60000108c0d0 (8 bytes)
1776291458.977193 sending message 112 to peer 0x60000108c0d0 (8 bytes)
1776291458.977197 sending message 112 to peer 0x60000108c0d0 (7 bytes)
1776291458.977201 sending message 112 to peer 0x60000108c0d0 (7 bytes)
1776291458.977204 sending message 112 to peer 0x60000108c0d0 (9 bytes)
1776291458.977208 sending message 112 to peer 0x60000108c0d0 (13 bytes)
1776291458.977211 sending message 112 to peer 0x60000108c0d0 (6 bytes)
1776291458.977215 sending message 112 to peer 0x60000108c0d0 (9 bytes)
1776291458.977219 sending message 112 to peer 0x60000108c0d0 (15 bytes)
1776291458.977222 sending message 112 to peer 0x60000108c0d0 (13 bytes)
1776291458.977226 sending message 112 to peer 0x60000108c0d0 (12 bytes)
1776291458.977230 sending message 112 to peer 0x60000108c0d0 (8 bytes)
1776291458.977234 sending message 112 to peer 0x60000108c0d0 (14 bytes)
1776291458.977238 sending message 112 to peer 0x60000108c0d0 (11 bytes)
1776291458.977242 sending message 112 to peer 0x60000108c0d0 (9 bytes)
1776291458.977246 sending message 112 to peer 0x60000108c0d0 (10 bytes)
1776291458.977261 sending message 112 to peer 0x60000108c0d0 (10 bytes)
1776291458.977265 sending message 112 to peer 0x60000108c0d0 (10 bytes)
1776291458.977269 sending message 112 to peer 0x60000108c0d0 (10 bytes)
1776291458.977271 sending message 112 to peer 0x60000108c0d0 (11 bytes)
1776291458.977275 sending message 112 to peer 0x60000108c0d0 (12 bytes)
1776291458.977279 sending message 112 to peer 0x60000108c0d0 (12 bytes)
1776291458.977284 sending message 112 to peer 0x60000108c0d0 (12 bytes)
1776291458.977287 sending message 112 to peer 0x60000108c0d0 (12 bytes)
1776291458.977292 sending message 112 to peer 0x60000108c0d0 (12 bytes)
1776291458.977297 sending message 112 to peer 0x60000108c0d0 (11 bytes)
1776291458.977302 sending message 112 to peer 0x60000108c0d0 (11 bytes)
1776291458.977307 sending message 112 to peer 0x60000108c0d0 (12 bytes)
1776291458.977309 sending message 112 to peer 0x60000108c0d0 (12 bytes)
1776291458.977312 sending message 112 to peer 0x60000108c0d0 (12 bytes)
1776291458.977315 sending message 112 to peer 0x60000108c0d0 (12 bytes)
1776291458.977317 sending message 112 to peer 0x60000108c0d0 (12 bytes)
1776291458.977320 sending message 112 to peer 0x60000108c0d0 (10 bytes)
1776291458.977323 sending message 112 to peer 0x60000108c0d0 (12 bytes)
1776291458.977325 sending message 112 to peer 0x60000108c0d0 (13 bytes)
1776291458.977328 sending message 112 to peer 0x60000108c0d0 (13 bytes)
1776291458.977330 sending message 112 to peer 0x60000108c0d0 (13 bytes)
1776291458.977333 sending message 112 to peer 0x60000108c0d0 (13 bytes)
1776291458.977335 sending message 112 to peer 0x60000108c0d0 (13 bytes)
1776291458.977338 sending message 112 to peer 0x60000108c0d0 (8 bytes)
1776291458.977341 sending message 112 to peer 0x60000108c0d0 (11 bytes)
1776291458.977343 sending message 112 to peer 0x60000108c0d0 (11 bytes)
1776291458.977346 sending message 112 to peer 0x60000108c0d0 (11 bytes)
1776291458.977348 sending message 112 to peer 0x60000108c0d0 (12 bytes)
1776291458.977351 sending message 112 to peer 0x60000108c0d0 (12 bytes)
1776291458.977353 sending message 112 to peer 0x60000108c0d0 (12 bytes)
1776291458.977356 sending message 112 to peer 0x60000108c0d0 (12 bytes)
1776291458.977358 sending message 112 to peer 0x60000108c0d0 (13 bytes)
1776291458.977361 sending message 112 to peer 0x60000108c0d0 (13 bytes)
1776291458.977363 sending message 112 to peer 0x60000108c0d0 (13 bytes)
1776291458.977366 sending message 112 to peer 0x60000108c0d0 (8 bytes)
1776291458.977369 sending message 112 to peer 0x60000108c0d0 (13 bytes)
1776291458.977371 sending message 112 to peer 0x60000108c0d0 (13 bytes)
1776291458.977374 sending message 112 to peer 0x60000108c0d0 (13 bytes)
1776291458.977376 sending message 112 to peer 0x60000108c0d0 (13 bytes)
1776291458.977379 sending message 112 to peer 0x60000108c0d0 (13 bytes)
1776291458.977382 sending message 112 to peer 0x60000108c0d0 (12 bytes)
1776291458.977384 sending message 112 to peer 0x60000108c0d0 (12 bytes)
1776291458.977387 sending message 112 to peer 0x60000108c0d0 (12 bytes)
1776291458.977390 sending message 112 to peer 0x60000108c0d0 (12 bytes)
1776291458.977392 sending message 112 to peer 0x60000108c0d0 (13 bytes)
1776291458.977395 sending message 112 to peer 0x60000108c0d0 (8 bytes)
1776291458.977397 sending message 112 to peer 0x60000108c0d0 (13 bytes)
1776291458.977400 sending message 112 to peer 0x60000108c0d0 (13 bytes)
1776291458.977403 sending message 112 to peer 0x60000108c0d0 (13 bytes)
1776291458.977406 sending message 112 to peer 0x60000108c0d0 (13 bytes)
1776291458.977409 sending message 112 to peer 0x60000108c0d0 (13 bytes)
1776291458.977411 sending message 112 to peer 0x60000108c0d0 (13 bytes)
1776291458.977414 sending message 112 to peer 0x60000108c0d0 (13 bytes)
1776291458.977416 sending message 112 to peer 0x60000108c0d0 (12 bytes)
1776291458.977419 sending message 112 to peer 0x60000108c0d0 (12 bytes)
1776291458.977422 sending message 112 to peer 0x60000108c0d0 (12 bytes)
1776291458.977424 sending message 112 to peer 0x60000108c0d0 (8 bytes)
1776291458.977432 sending message 112 to peer 0x60000108c0d0 (12 bytes)
1776291458.977435 sending message 112 to peer 0x60000108c0d0 (13 bytes)
1776291458.977437 sending message 112 to peer 0x60000108c0d0 (13 bytes)
1776291458.977440 sending message 112 to peer 0x60000108c0d0 (13 bytes)
1776291458.977443 sending message 112 to peer 0x60000108c0d0 (13 bytes)
1776291458.977445 sending message 112 to peer 0x60000108c0d0 (13 bytes)
1776291458.977448 sending message 112 to peer 0x60000108c0d0 (13 bytes)
1776291458.977450 sending message 112 to peer 0x60000108c0d0 (13 bytes)
1776291458.977453 sending message 112 to peer 0x60000108c0d0 (13 bytes)
1776291458.977455 sending message 112 to peer 0x60000108c0d0 (12 bytes)
1776291458.977458 sending message 112 to peer 0x60000108c0d0 (10 bytes)
1776291458.977461 sending message 112 to peer 0x60000108c0d0 (12 bytes)
1776291458.977463 sending message 112 to peer 0x60000108c0d0 (12 bytes)
1776291458.977466 sending message 112 to peer 0x60000108c0d0 (12 bytes)
1776291458.977468 sending message 112 to peer 0x60000108c0d0 (13 bytes)
1776291458.977471 sending message 112 to peer 0x60000108c0d0 (13 bytes)
1776291458.977473 sending message 112 to peer 0x60000108c0d0 (13 bytes)
1776291458.977476 sending message 112 to peer 0x60000108c0d0 (13 bytes)
1776291458.977479 sending message 112 to peer 0x60000108c0d0 (13 bytes)
1776291458.977481 sending message 112 to peer 0x60000108c0d0 (13 bytes)
1776291458.977484 sending message 112 to peer 0x60000108c0d0 (13 bytes)
1776291458.977487 sending message 112 to peer 0x60000108c0d0 (10 bytes)
1776291458.977490 sending message 112 to peer 0x60000108c0d0 (13 bytes)
1776291458.977492 sending message 112 to peer 0x60000108c0d0 (12 bytes)
1776291458.977495 sending message 112 to peer 0x60000108c0d0 (12 bytes)
1776291458.977498 sending message 112 to peer 0x60000108c0d0 (12 bytes)
1776291458.977501 sending message 112 to peer 0x60000108c0d0 (10 bytes)
1776291458.977504 sending message 112 to peer 0x60000108c0d0 (10 bytes)
1776291458.977506 sending message 112 to peer 0x60000108c0d0 (10 bytes)
1776291458.977509 sending message 112 to peer 0x60000108c0d0 (12 bytes)
1776291458.977511 sending message 112 to peer 0x60000108c0d0 (13 bytes)
1776291458.977514 sending message 112 to peer 0x60000108c0d0 (13 bytes)
1776291458.977516 sending message 112 to peer 0x60000108c0d0 (13 bytes)
1776291458.977519 sending message 112 to peer 0x60000108c0d0 (13 bytes)
1776291458.977522 sending message 112 to peer 0x60000108c0d0 (13 bytes)
1776291458.977524 sending message 112 to peer 0x60000108c0d0 (11 bytes)
1776291458.977527 sending message 112 to peer 0x60000108c0d0 (11 bytes)
1776291458.977530 sending message 112 to peer 0x60000108c0d0 (12 bytes)
1776291458.977532 sending message 112 to peer 0x60000108c0d0 (12 bytes)
1776291458.977535 sending message 112 to peer 0x60000108c0d0 (12 bytes)
1776291458.977537 sending message 112 to peer 0x60000108c0d0 (12 bytes)
1776291458.977540 sending message 112 to peer 0x60000108c0d0 (12 bytes)
1776291458.977542 sending message 112 to peer 0x60000108c0d0 (11 bytes)
1776291458.977545 sending message 112 to peer 0x60000108c0d0 (12 bytes)
1776291458.977547 sending message 112 to peer 0x60000108c0d0 (12 bytes)
1776291458.977550 sending message 112 to peer 0x60000108c0d0 (13 bytes)
1776291458.977552 sending message 112 to peer 0x60000108c0d0 (13 bytes)
1776291458.977555 sending message 112 to peer 0x60000108c0d0 (13 bytes)
1776291458.977558 sending message 112 to peer 0x60000108c0d0 (13 bytes)
1776291458.977560 sending message 112 to peer 0x60000108c0d0 (13 bytes)
1776291458.977563 sending message 112 to peer 0x60000108c0d0 (10 bytes)
1776291458.977565 sending message 112 to peer 0x60000108c0d0 (9 bytes)
1776291458.977568 sending message 112 to peer 0x60000108c0d0 (12 bytes)
1776291458.977570 sending message 112 to peer 0x60000108c0d0 (13 bytes)
1776291458.977573 sending message 112 to peer 0x60000108c0d0 (13 bytes)
1776291458.977575 sending message 112 to peer 0x60000108c0d0 (13 bytes)
1776291458.977578 sending message 112 to peer 0x60000108c0d0 (13 bytes)
1776291458.977585 sending message 112 to peer 0x60000108c0d0 (13 bytes)
1776291458.977587 sending message 112 to peer 0x60000108c0d0 (9 bytes)
1776291458.977590 sending message 112 to peer 0x60000108c0d0 (12 bytes)
1776291458.977593 sending message 112 to peer 0x60000108c0d0 (13 bytes)
1776291458.977595 sending message 112 to peer 0x60000108c0d0 (13 bytes)
1776291458.977598 sending message 112 to peer 0x60000108c0d0 (13 bytes)
1776291458.977600 sending message 112 to peer 0x60000108c0d0 (13 bytes)
1776291458.977603 sending message 112 to peer 0x60000108c0d0 (13 bytes)
1776291458.977605 sending message 112 to peer 0x60000108c0d0 (11 bytes)
1776291458.977608 sending message 112 to peer 0x60000108c0d0 (12 bytes)
1776291458.977611 sending message 112 to peer 0x60000108c0d0 (13 bytes)
1776291458.977613 sending message 112 to peer 0x60000108c0d0 (13 bytes)
1776291458.977616 sending message 112 to peer 0x60000108c0d0 (13 bytes)
1776291458.977618 sending message 112 to peer 0x60000108c0d0 (13 bytes)
1776291458.977621 sending message 112 to peer 0x60000108c0d0 (13 bytes)
1776291458.977623 sending message 112 to peer 0x60000108c0d0 (11 bytes)
1776291458.977626 sending message 112 to peer 0x60000108c0d0 (12 bytes)
1776291458.977628 sending message 112 to peer 0x60000108c0d0 (12 bytes)
1776291458.977631 sending message 112 to peer 0x60000108c0d0 (12 bytes)
1776291458.977633 sending message 112 to peer 0x60000108c0d0 (12 bytes)
1776291458.977636 sending message 112 to peer 0x60000108c0d0 (12 bytes)
1776291458.977638 sending message 112 to peer 0x60000108c0d0 (21 bytes)
1776291458.977641 sending message 112 to peer 0x60000108c0d0 (12 bytes)
1776291458.977644 sending message 112 to peer 0x60000108c0d0 (9 bytes)
1776291458.977646 sending message 112 to peer 0x60000108c0d0 (6 bytes)
1776291458.977649 sending message 112 to peer 0x60000108c0d0 (13 bytes)
1776291458.977653 sending message 112 to peer 0x60000108c0d0 (8 bytes)
1776291458.977655 sending message 112 to peer 0x60000108c0d0 (15 bytes)
1776291458.977658 sending message 112 to peer 0x60000108c0d0 (13 bytes)
1776291458.977661 sending message 112 to peer 0x60000108c0d0 (9 bytes)
1776291458.977663 sending message 112 to peer 0x60000108c0d0 (70 bytes)
1776291458.977666 sending message 112 to peer 0x60000108c0d0 (69 bytes)
1776291458.977669 sending message 112 to peer 0x60000108c0d0 (10 bytes)
1776291458.977671 sending message 112 to peer 0x60000108c0d0 (10 bytes)
1776291458.977674 sending message 112 to peer 0x60000108c0d0 (8 bytes)
1776291458.977677 sending message 112 to peer 0x60000108c0d0 (15 bytes)
1776291458.977679 sending message 112 to peer 0x60000108c0d0 (13 bytes)
1776291458.977682 sending message 112 to peer 0x60000108c0d0 (10 bytes)
1776291458.977685 sending message 112 to peer 0x60000108c0d0 (10 bytes)
1776291458.977688 sending message 112 to peer 0x60000108c0d0 (17 bytes)
1776291458.977691 sending message 112 to peer 0x60000108c0d0 (10 bytes)
1776291458.977694 sending message 112 to peer 0x60000108c0d0 (13 bytes)
1776291458.977697 sending message 112 to peer 0x60000108c0d0 (9 bytes)
1776291458.977699 sending message 112 to peer 0x60000108c0d0 (5 bytes)
1776291458.977702 sending message 112 to peer 0x60000108c0d0 (15 bytes)
1776291458.977706 sending message 104 to peer 0x60000108c0d0 (0 bytes)
1776291458.977709 sending message 110 to peer 0x60000108c0d0 (0 bytes)
1776291458.977712 sending message 107 to peer 0x60000108c0d0 (4 bytes)
1776291458.977716 sending message 105 to peer 0x60000108c0d0 (20 bytes)
1776291458.977719 sending message 105 to peer 0x60000108c0d0 (22 bytes)
1776291458.977724 sending message 105 to peer 0x60000108c0d0 (26 bytes)
1776291458.977728 sending message 105 to peer 0x60000108c0d0 (33 bytes)
1776291458.977731 sending message 105 to peer 0x60000108c0d0 (12 bytes)
1776291458.977734 sending message 105 to peer 0x60000108c0d0 (57 bytes)
1776291458.977736 sending message 105 to peer 0x60000108c0d0 (75 bytes)
1776291458.977739 sending message 105 to peer 0x60000108c0d0 (48 bytes)
1776291458.977741 sending message 105 to peer 0x60000108c0d0 (20 bytes)
1776291458.977751 sending message 105 to peer 0x60000108c0d0 (37 bytes)
1776291458.977753 sending message 105 to peer 0x60000108c0d0 (26 bytes)
1776291458.977756 sending message 105 to peer 0x60000108c0d0 (30 bytes)
1776291458.977759 sending message 105 to peer 0x60000108c0d0 (34 bytes)
1776291458.977761 sending message 105 to peer 0x60000108c0d0 (60 bytes)
1776291458.977764 sending message 105 to peer 0x60000108c0d0 (17 bytes)
1776291458.977766 sending message 105 to peer 0x60000108c0d0 (16 bytes)
1776291458.977769 sending message 105 to peer 0x60000108c0d0 (54 bytes)
1776291458.977772 sending message 105 to peer 0x60000108c0d0 (162 bytes)
1776291458.977775 sending message 105 to peer 0x60000108c0d0 (31 bytes)
1776291458.977777 sending message 105 to peer 0x60000108c0d0 (650 bytes)
1776291458.977780 sending message 105 to peer 0x60000108c0d0 (37 bytes)
1776291458.977783 sending message 105 to peer 0x60000108c0d0 (24 bytes)
1776291458.977785 sending message 105 to peer 0x60000108c0d0 (15 bytes)
1776291458.977788 sending message 105 to peer 0x60000108c0d0 (8 bytes)
1776291458.977791 sending message 105 to peer 0x60000108c0d0 (66 bytes)
1776291458.977793 sending message 105 to peer 0x60000108c0d0 (19 bytes)
1776291458.977796 sending message 105 to peer 0x60000108c0d0 (63 bytes)
1776291458.977798 sending message 105 to peer 0x60000108c0d0 (18 bytes)
1776291458.977803 sending message 105 to peer 0x60000108c0d0 (26 bytes)
1776291458.977807 sending message 105 to peer 0x60000108c0d0 (57 bytes)
1776291458.977810 sending message 105 to peer 0x60000108c0d0 (42 bytes)
1776291458.977812 sending message 105 to peer 0x60000108c0d0 (13 bytes)
1776291458.977815 sending message 105 to peer 0x60000108c0d0 (13 bytes)
1776291458.977818 sending message 105 to peer 0x60000108c0d0 (98 bytes)
1776291458.977820 sending message 105 to peer 0x60000108c0d0 (14 bytes)
1776291458.977824 sending message 105 to peer 0x60000108c0d0 (19 bytes)
1776291458.977827 sending message 105 to peer 0x60000108c0d0 (25 bytes)
1776291458.977829 sending message 105 to peer 0x60000108c0d0 (43 bytes)
1776291458.977832 sending message 105 to peer 0x60000108c0d0 (32 bytes)
1776291458.977835 sending message 105 to peer 0x60000108c0d0 (82 bytes)
1776291458.977837 sending message 105 to peer 0x60000108c0d0 (25 bytes)
1776291458.977840 sending message 106 to peer 0x60000108c0d0 (0 bytes)
1776291458.977901 sending message 200 to peer 0x60000108c0d0 (4 bytes)
1776291458.977905 client loop enter
1776291458.978083 peer 0x60000108c0d0 message 303
1776291458.978101 open write file 2 -
1776291458.978123 sending message 305 to peer 0x60000108c0d0 (8 bytes)
1776291458.978138 write check file 2
1776291458.978182 peer 0x60000108c0d0 message 304
1776291458.978191 write 58 to file 2
1776291458.978201 peer 0x60000108c0d0 message 203
1776291458.978207 file 2 58 bytes left
1776291458.978220 write check file 2
1776291458.978224 client loop exit
